    1  00  40      IN 0
    2  01  18  22  STOR a,A
    3  03  41      IN 1
    4  04  18  23  STOR a,B
    5  06  42      IN 2
    6  07  18  24  STOR a,C
    7  09  43      IN 3
    8  0a  18  25  STOR a,F
    9  0c  11  24  LOAD b,C
   10  0e  88  23  MUM a,B
   11  10  59  22  ADM b,A
   12  12  21      PUSH B
   13  13  10  25  LOAD a,F
   14  15  b0  00  CMI a,0
   15  17  ba  1f  JZ ZERO
   16  19  38      XCHG
   17  1a  29      POP b
   18  1b  90  01  MUI a,1
   19  1d  98  25  DVM a,F
   20  1f  38      ZERO: XCHG
   21  20  4c      OUT 4
   22  21  f8      STOP
   23  22  00      A:.DS 1
   24  23  00      B:.DS 1
   25  24  00      C:.DS 1
   26  25  00      F:.DS 1

    ***** Таблица перекрестных ссылок *****
  имя     определение     ссылки

 ZERO     1f              18                                                   
 F        25              1e  14  b                                            
 C        24              d   8                                                
 B        23              f   5                                                
 A        22              11  2                                                

  **** Не обнаружено ошибок. Успешное завершение ****

