    1  00  40      IN 0                
    2  01  18  26  STOR a,A
    3  03  41      IN 1                
    4  04  18  27  STOR a,X
    5  06  42      IN 2                
    6  07  18  28  STOR a,Y
    7  09  38      XCHG                
    8  0a  90  01  MUI a,1                        
    9  0c  a0  02  DVI a,2                        
   10  0e  59  27  ADM b,X                
   11  10  38      XCHG                
   12  11  11  26  LOAD b,A        
   13  13  b0  00  CMI a,0                        
   14  15  ba  21  JZ EXIT                
   15  17  78  01  SBI a,1         
   16  19  20      MLOOP: PUSH a        
   17  1a  88  26  MUM a,A                
   18  1c  28      POP a                
   19  1d  e0  19  LOOP a,MLOOP
   20  1f  b8  23  JMP ENDLOOP        
   21  21  31  01  EXIT: MVI b,1
   22  23  38      ENDLOOP: XCHG        
   23  24  4b      OUT 3
   24  25  f8      STOP
   25  26  00      A:.DS 1
   26  27  00      X:.DS 1
   27  28  00      Y:.DS 1

    ***** Таблица перекрестных ссылок *****
  имя     определение     ссылки

 Y        28              8                                                    
 X        27              f   5                                                
 MLOOP    19              1e                                                   
 EXIT     21              16                                                   
 ENDLOOP  23              20                                                   
 A        26              1b  12  2                                            

  **** Не обнаружено ошибок. Успешное завершение ****

